// Jest Snapshot v1, https://goo.gl/fbAQLP

exports[`Storage Default play-test 1`] = `
<div data-testid="mock-storage">
  <button type="button">
    Send to Storage
  </button>
  <pre>
    {
    "@theholocron": {
        "mock-app-id": {
            "application": {
                "name": "A Mock Application"
            },
            "build": {
                "version": "0.0.0"
            }
        }
    }
}
  </pre>
</div>
`;

exports[`Storage Error play-test 1`] = `
<div data-testid="error-message">
  useStorage must be used within Storage.Provider!
</div>
`;
