// Jest Snapshot v1, https://goo.gl/fbAQLP

exports[`Loading Default play-test 1`] = `
<div>
  <button>
    Fetch Data
  </button>
  <p>
    Click the button to simulate loading.
  </p>
</div>
`;

exports[`Loading Error play-test 1`] = `
<div data-testid="error-message">
  useLoading must be used within Loading.Provider!
</div>
`;
